INFO: Only 'molecule' parameters given. Running RT-TDDFT simulation only.
DEBUG: The following variables are using default values because none were specified:
DEBUG:     molecule_cartesian: True
DEBUG:     molecule_propagator_str: magnus2
DEBUG:     molecule_pc_convergence: 1e-12
DEBUG:     molecule_max_iterations: 200
DEBUG:     molecule_hermiticity_tolerance: 1e-12
DEBUG: Molecular basis uses Cartesian Gaussians (6 d functions; PlasMol default).
DEBUG: CAP modifier selected; applying Lopata CAP to spectra.
DEBUG: Custom driver specified: tune
INFO:  === TUNING SIMULATION CHOSEN === 
WARNING: No molecule source specified. Continuing with empty field.
INFO: All parameters successfully parsed and validated.
DEBUG: PARAMS successfully created: saved to 'run_parameters'.
INFO: The timestep for this simulation is 0.05 au (roughly 0.00121 fs).
INFO: The simulation will propagate until 1.0 au (roughly 0.02419 fs).
INFO: Calculating μ parameter for xc functional (tune driver)
INFO: Optimal μ (lrc_parameter) = 0.351340
INFO: Calculating vacuum level ε₀ (tune driver)
INFO: Vacuum level ε₀ = 0.009767 Ha
INFO:  === TUNE DRIVER COMPLETE (no propagation performed) ===
INFO: 
Elapsed run time = 29.3370 s
