INFO: Only 'plasmon' parameters given. Running MEEP simulation only.
INFO:  === NANOPARTICLE ABSORPTION CHOSEN CROSS-SECTION SIMULATION === 
INFO: All parameters successfully parsed and validated.
INFO: The timestep for this simulation is 0.07 au (roughly 0.00169 fs).
INFO: The simulation will propagate until 14500.01 au (roughly 350.73847 fs).
INFO: === Starting Cross-Section Driver ===
INFO: → Running EMPTY simulation (incident flux)...
INFO: [EMPTY] Starting EMPTY simulation...
INFO: [EMPTY] Initializing simulation with a resolution of 985 pixels/μm ==> 0.001015 μm/pixel
INFO: [EMPTY] Meep simulation started.
INFO: [EMPTY] Simulation progress: 0% done (0/207143 steps || 0.0/14500.01 au)
INFO: [EMPTY] Simulation progress: 10% done (20714/207143 steps || 1449.98/14500.01 au)
INFO: [EMPTY] Simulation progress: 20% done (41429/207143 steps || 2900.03/14500.01 au)
INFO: [EMPTY] Simulation progress: 30% done (62143/207143 steps || 4350.01/14500.01 au)
INFO: [EMPTY] Simulation progress: 40% done (82857/207143 steps || 5799.99/14500.01 au)
INFO: [EMPTY] Simulation progress: 50% done (103572/207143 steps || 7250.04/14500.01 au)
INFO: [EMPTY] Simulation progress: 60% done (124286/207143 steps || 8700.02/14500.01 au)
INFO: [EMPTY] Simulation progress: 70% done (145000/207143 steps || 10150.0/14500.01 au)
INFO: [EMPTY] Simulation progress: 80% done (165714/207143 steps || 11599.98/14500.01 au)
INFO: [EMPTY] Simulation progress: 90% done (186429/207143 steps || 13050.03/14500.01 au)
INFO: [EMPTY] Simulation progress: 100% done (207143/207143 steps || 14500.01/14500.01 au)
INFO: [EMPTY] Simulation completed successfully!
INFO: [EMPTY] Empty run finished
INFO: [SCATT] Starting SCATT simulation...
INFO: [SCATT] Nanoparticle geometry recreated
INFO: [SCATT] Initializing simulation with a resolution of 985 pixels/μm ==> 0.001015 μm/pixel
INFO: [SCATT] -----------
INFO: [SCATT] Initializing structure...
INFO: [SCATT] Padding y to even number of grid points.
INFO: [SCATT] Padding z to even number of grid points.
INFO: [SCATT] Halving computational cell along direction y
INFO: [SCATT] Halving computational cell along direction z
INFO: [SCATT] time for choose_chunkdivision = 0.000420094 s
INFO: [SCATT] Working in 3D dimensions.
INFO: [SCATT] Computational cell is 0.2 x 0.2 x 0.2 with resolution 985
INFO: [SCATT] sphere
INFO: [SCATT] , center = (0,0,0)
INFO: [SCATT]           radius 0.025
INFO: [SCATT]           dielectric constant epsilon diagonal = (1,1,1)
INFO: [ABS] Starting ABS simulation...
INFO: [ABS] Nanoparticle geometry recreated
INFO: [ABS] Initializing simulation with a resolution of 985 pixels/μm ==> 0.001015 μm/pixel
INFO: [ABS] Meep simulation started.
INFO: [SCATT] time for set_epsilon = 2.46418 s
INFO: [SCATT] lorentzian susceptibility: frequency=10.7433, gamma=1.78571
INFO: [SCATT] lorentzian susceptibility: frequency=3.47141, gamma=2.01155
INFO: [SCATT] lorentzian susceptibility: frequency=2.39466, gamma=0.701702
INFO: [SCATT] lorentzian susceptibility: frequency=0.66944, gamma=0.278261
INFO: [SCATT] lorentzian susceptibility: frequency=0.33472, gamma=0.19438
INFO: [SCATT] drude susceptibility: frequency=1e-10, gamma=0.0427474
INFO: [SCATT] -----------
INFO: [SCATT] Meep simulation started.
INFO: [SCATT] Simulation progress: 0% done (0/207143 steps || 0.0/14500.01 au)
INFO: [ABS] Simulation progress: 0% done (0/207143 steps || 0.0/14500.01 au)
INFO: [ABS] Simulation progress: 10% done (20714/207143 steps || 1449.98/14500.01 au)
INFO: [SCATT] Simulation progress: 10% done (20714/207143 steps || 1449.98/14500.01 au)
INFO: [ABS] Simulation progress: 20% done (41429/207143 steps || 2900.03/14500.01 au)
INFO: [SCATT] Simulation progress: 20% done (41429/207143 steps || 2900.03/14500.01 au)
INFO: [ABS] Simulation progress: 30% done (62143/207143 steps || 4350.01/14500.01 au)
INFO: [SCATT] Simulation progress: 30% done (62143/207143 steps || 4350.01/14500.01 au)
INFO: [ABS] Simulation progress: 40% done (82857/207143 steps || 5799.99/14500.01 au)
INFO: [SCATT] Simulation progress: 40% done (82857/207143 steps || 5799.99/14500.01 au)
INFO: [ABS] Simulation progress: 50% done (103572/207143 steps || 7250.04/14500.01 au)
INFO: [SCATT] Simulation progress: 50% done (103572/207143 steps || 7250.04/14500.01 au)
INFO: [ABS] Simulation progress: 60% done (124286/207143 steps || 8700.02/14500.01 au)
INFO: [SCATT] Simulation progress: 60% done (124286/207143 steps || 8700.02/14500.01 au)
INFO: [ABS] Simulation progress: 70% done (145000/207143 steps || 10150.0/14500.01 au)
INFO: [SCATT] Simulation progress: 70% done (145000/207143 steps || 10150.0/14500.01 au)
INFO: [ABS] Simulation progress: 80% done (165714/207143 steps || 11599.98/14500.01 au)
INFO: [SCATT] Simulation progress: 80% done (165714/207143 steps || 11599.98/14500.01 au)
INFO: [ABS] Simulation progress: 90% done (186429/207143 steps || 13050.03/14500.01 au)
INFO: [SCATT] Simulation progress: 90% done (186429/207143 steps || 13050.03/14500.01 au)
INFO: [ABS] Simulation progress: 100% done (207143/207143 steps || 14500.01/14500.01 au)
INFO: [ABS] Simulation completed successfully!
INFO: [ABS] Absorption simulation completed.
INFO: [ABS] Absorption run finished
INFO: ABS run completed
INFO: [SCATT] Simulation progress: 100% done (207143/207143 steps || 14500.01/14500.01 au)
INFO: [SCATT] Simulation completed successfully!
INFO: [SCATT] Scattering simulation completed.
INFO: [SCATT] Scattering run finished
INFO: SCATT run completed
INFO: Arrays saved to output_arrays.txt
INFO: Absorption cross section driver finished.
INFO: [EMPTY] Loading CSV: output_arrays.txt
INFO: [EMPTY] Fitting Absorption Cross-Section
INFO: [EMPTY] 
Detected 1 peak(s) at: [2.341] eV
INFO: [EMPTY] === ALL FITTED PEAKS ===
INFO: [EMPTY] Peak |   E (eV)   |  λ (nm)   |   γ (eV)   |   Amp    |   gamma_p_eV
INFO: [EMPTY] ----------------------------------------------------------------------
INFO: [EMPTY]    0 |   2.3724   |   522.6   |   0.2434   |   0.3589 |   0.2434
INFO: [EMPTY] ----------------------------------------------------------------------
