INFO: Only 'plasmon' parameters given. Running MEEP simulation only.
INFO:  === NANOPARTICLE ABSORPTION CHOSEN CROSS-SECTION SIMULATION === 
INFO: All parameters successfully parsed and validated.
INFO: The timestep for this simulation is 0.07 au (roughly 0.00169 fs).
INFO: The simulation will propagate until 14500.01 au (roughly 350.73847 fs).
INFO: === Starting Cross-Section Driver ===
INFO: → Running EMPTY simulation (incident flux)...
INFO: [EMPTY] Starting EMPTY simulation...
INFO: [EMPTY] Initializing simulation with a resolution of 985 pixels/μm ==> 0.001015 μm/pixel
INFO: [EMPTY] Meep simulation started.
INFO: [EMPTY] Simulation progress: 0% done (0/207143 steps || 0.0/14500.01 au)
INFO: [EMPTY] Simulation progress: 10% done (20714/207143 steps || 1449.98/14500.01 au)
INFO: [EMPTY] Simulation progress: 20% done (41429/207143 steps || 2900.03/14500.01 au)
INFO: [EMPTY] Simulation progress: 30% done (62143/207143 steps || 4350.01/14500.01 au)
INFO: [EMPTY] Simulation progress: 40% done (82857/207143 steps || 5799.99/14500.01 au)
INFO: [EMPTY] Simulation progress: 50% done (103572/207143 steps || 7250.04/14500.01 au)
INFO: [EMPTY] Simulation progress: 60% done (124286/207143 steps || 8700.02/14500.01 au)
INFO: [EMPTY] Simulation progress: 70% done (145000/207143 steps || 10150.0/14500.01 au)
INFO: [EMPTY] Simulation progress: 80% done (165714/207143 steps || 11599.98/14500.01 au)
INFO: [EMPTY] Simulation progress: 90% done (186429/207143 steps || 13050.03/14500.01 au)
INFO: [EMPTY] Simulation progress: 100% done (207143/207143 steps || 14500.01/14500.01 au)
INFO: [EMPTY] Simulation completed successfully!
INFO: [EMPTY] Empty run finished
INFO: [SCATT] Starting SCATT simulation...
INFO: [SCATT] Nanoparticle geometry recreated
INFO: [SCATT] Initializing simulation with a resolution of 985 pixels/μm ==> 0.001015 μm/pixel
WARNING: [SCATT] /Users/brinton/miniconda/envs/meep/lib/python3.13/site-packages/meep/simulation.py:2474: RuntimeWarning: Epsilon < 1 may require adjusting the Courant parameter. See the 'Numerical Stability' entry under the 'Materials' section of the documentation
  warnings.warn(eps_warning, RuntimeWarning)
INFO: [SCATT] -----------
INFO: [SCATT] Initializing structure...
INFO: [SCATT] Padding y to even number of grid points.
INFO: [SCATT] Padding z to even number of grid points.
INFO: [SCATT] Halving computational cell along direction y
INFO: [SCATT] Halving computational cell along direction z
INFO: [SCATT] time for choose_chunkdivision = 0.000226021 s
INFO: [SCATT] Working in 3D dimensions.
INFO: [SCATT] Computational cell is 0.2 x 0.2 x 0.2 with resolution 985
INFO: [SCATT] sphere
INFO: [SCATT] , center = (0,0,0)
INFO: [SCATT]           radius 0.025
INFO: [SCATT]           dielectric constant epsilon diagonal = (0.6888,0.6888,0.6888)
INFO: [ABS] Starting ABS simulation...
INFO: [ABS] Nanoparticle geometry recreated
INFO: [ABS] Initializing simulation with a resolution of 985 pixels/μm ==> 0.001015 μm/pixel
INFO: [ABS] Meep simulation started.
WARNING: [ABS] RuntimeWarning: Epsilon < 1 may require adjusting the Courant parameter. See the 'Numerical Stability' entry under the 'Materials' section of the documentation
INFO: [SCATT] time for set_epsilon = 2.62241 s
INFO: [SCATT] lorentzian susceptibility: frequency=1.24903, gamma=2.61869
INFO: [SCATT] drude susceptibility: frequency=21.1136, gamma=3.91426
INFO: [SCATT] -----------
INFO: [SCATT] Meep simulation started.
WARNING: [SCATT] RuntimeWarning: Note: your sources include frequencies outside the range of validity of the material models. This is fine as long as you eventually only look at outputs (fluxes, resonant modes, etc.) at valid frequencies.
WARNING: [SCATT] RuntimeWarning: DFT frequency 1.2499999995 is out of material's range of 1.25-2.5
WARNING: [SCATT] RuntimeWarning: DFT frequency 3.3333333345 is out of material's range of 1.25-2.5
INFO: [SCATT] Simulation progress: 0% done (0/207143 steps || 0.0/14500.01 au)
WARNING: [ABS] RuntimeWarning: Note: your sources include frequencies outside the range of validity of the material models. This is fine as long as you eventually only look at outputs (fluxes, resonant modes, etc.) at valid frequencies.
WARNING: [ABS] RuntimeWarning: DFT frequency 1.2499999995 is out of material's range of 1.25-2.5
WARNING: [ABS] RuntimeWarning: DFT frequency 3.3333333345 is out of material's range of 1.25-2.5
INFO: [ABS] Simulation progress: 0% done (0/207143 steps || 0.0/14500.01 au)
ERROR: [SCATT] Simulation failed with error: meep: simulation fields are NaN or Inf
Traceback (most recent call last):
  File "/Users/brinton/Downloads/repos/PlasMol/plasmol/classical/simulation.py", line 195, in run
    self.simulation.run(*run_functions, until=(self.t_end_meep - self.dt_meep))
    ~~~~~~~~~~~~~~~~~~~^^^^^^^^^^^^^^^^^^^^^^^^^^^^^^^^^^^^^^^^^^^^^^^^^^^^^^^^
  File "/Users/brinton/miniconda/envs/meep/lib/python3.13/site-packages/meep/simulation.py", line 4546, in run
    self._run_until(until, step_funcs)
    ~~~~~~~~~~~~~~~^^^^^^^^^^^^^^^^^^^
  File "/Users/brinton/miniconda/envs/meep/lib/python3.13/site-packages/meep/simulation.py", line 2838, in _run_until
    self.fields.step()
    ~~~~~~~~~~~~~~~~^^
  File "/Users/brinton/miniconda/envs/meep/lib/python3.13/site-packages/meep/__init__.py", line 3044, in step
    return _meep.fields_step(self)
           ~~~~~~~~~~~~~~~~~^^^^^^
RuntimeError: meep: simulation fields are NaN or Inf
INFO: [SCATT] Scattering simulation completed.
INFO: [SCATT] Scattering run finished
INFO: SCATT run completed
ERROR: [ABS] Simulation failed with error: meep: simulation fields are NaN or Inf
Traceback (most recent call last):
  File "/Users/brinton/Downloads/repos/PlasMol/plasmol/classical/simulation.py", line 195, in run
    self.simulation.run(*run_functions, until=(self.t_end_meep - self.dt_meep))
    ~~~~~~~~~~~~~~~~~~~^^^^^^^^^^^^^^^^^^^^^^^^^^^^^^^^^^^^^^^^^^^^^^^^^^^^^^^^
  File "/Users/brinton/miniconda/envs/meep/lib/python3.13/site-packages/meep/simulation.py", line 4546, in run
    self._run_until(until, step_funcs)
    ~~~~~~~~~~~~~~~^^^^^^^^^^^^^^^^^^^
  File "/Users/brinton/miniconda/envs/meep/lib/python3.13/site-packages/meep/simulation.py", line 2838, in _run_until
    self.fields.step()
    ~~~~~~~~~~~~~~~~^^
  File "/Users/brinton/miniconda/envs/meep/lib/python3.13/site-packages/meep/__init__.py", line 3044, in step
    return _meep.fields_step(self)
           ~~~~~~~~~~~~~~~~~^^^^^^
RuntimeError: meep: simulation fields are NaN or Inf
INFO: [ABS] Absorption simulation completed.
INFO: [ABS] Absorption run finished
INFO: ABS run completed
INFO: Arrays saved to output_arrays.txt
INFO: Absorption cross section driver finished.
INFO: [EMPTY] Loading CSV: output_arrays.txt
INFO: [EMPTY] Fitting Absorption Cross-Section
INFO: [EMPTY] 
Detected 0 peak(s) at: [] eV
WARNING: [EMPTY] /Users/brinton/miniconda/envs/meep/lib/python3.13/site-packages/scipy/optimize/_minpack_py.py:1062: RuntimeWarning: invalid value encountered in multiply
  pcov = pcov * s_sq
INFO: [EMPTY] === ALL FITTED PEAKS ===
INFO: [EMPTY] Peak |   E (eV)   |  λ (nm)   |   γ (eV)   |   Amp    |   gamma_p_eV
INFO: [EMPTY] ----------------------------------------------------------------------
INFO: [EMPTY] ----------------------------------------------------------------------
WARNING: [EMPTY] Traceback (most recent call last):
WARNING: [EMPTY]   File "<frozen runpy>", line 198, in _run_module_as_main
WARNING: [EMPTY]   File "<frozen runpy>", line 88, in _run_code
WARNING: [EMPTY]   File "/Users/brinton/Downloads/repos/PlasMol/plasmol/main.py", line 82, in <module>
    params.driver(params)
    ~~~~~~~~~~~~~^^^^^^^^
WARNING: [EMPTY]   File "/Users/brinton/Downloads/repos/PlasMol/plasmol/drivers/custom_drivers/np_abs_cross_sec.py", line 267, in run
    plt.plot(x_fit, y_fit, 'k--', label='Total fit', lw=2.2)
    ~~~~~~~~^^^^^^^^^^^^^^^^^^^^^^^^^^^^^^^^^^^^^^^^^^^^^^^^
WARNING: [EMPTY]   File "/Users/brinton/miniconda/envs/meep/lib/python3.13/site-packages/matplotlib/pyplot.py", line 3838, in plot
    return gca().plot(
           ~~~~~~~~~~^
        *args,
        ^^^^^^
    ...<3 lines>...
        **kwargs,
        ^^^^^^^^^
    )
    ^
WARNING: [EMPTY]   File "/Users/brinton/miniconda/envs/meep/lib/python3.13/site-packages/matplotlib/axes/_axes.py", line 1777, in plot
    lines = [*self._get_lines(self, *args, data=data, **kwargs)]
            ^^^^^^^^^^^^^^^^^^^^^^^^^^^^^^^^^^^^^^^^^^^^^^^^^^^^
WARNING: [EMPTY]   File "/Users/brinton/miniconda/envs/meep/lib/python3.13/site-packages/matplotlib/axes/_base.py", line 297, in __call__
    yield from self._plot_args(
               ~~~~~~~~~~~~~~~^
        axes, this, kwargs, ambiguous_fmt_datakey=ambiguous_fmt_datakey,
        ^^^^^^^^^^^^^^^^^^^^^^^^^^^^^^^^^^^^^^^^^^^^^^^^^^^^^^^^^^^^^^^^
        return_kwargs=return_kwargs
        ^^^^^^^^^^^^^^^^^^^^^^^^^^^
    )
    ^
WARNING: [EMPTY]   File "/Users/brinton/miniconda/envs/meep/lib/python3.13/site-packages/matplotlib/axes/_base.py", line 494, in _plot_args
    raise ValueError(f"x and y must have same first dimension, but "
                     f"have shapes {x.shape} and {y.shape}")
WARNING: [EMPTY] ValueError: x and y must have same first dimension, but have shapes (2000,) and (1,)
