INFO: Only 'molecule' parameters given. Running RT-TDDFT simulation only.
INFO: Fourier modifier selected; running three simulations for Fourier analysis along each axis.
INFO: Checkpointing selected; preparing to save and load checkpoints during simulation.
INFO: All parameters successfully parsed and validated.
INFO: The timestep for this simulation is 0.1 au (roughly 0.00242 fs).
INFO: The simulation will propagate until 2000 au (roughly 48.37769 fs).
INFO: Running Fourier transform process with gamma: 0.01
INFO: Running 3 directional quantum simulations in parallel...
INFO: [x-dir]  === RUNNING QUANTUM ONLY SIMULATION === 
INFO: [y-dir]  === RUNNING QUANTUM ONLY SIMULATION === 
INFO: [z-dir]  === RUNNING QUANTUM ONLY SIMULATION === 
INFO: [x-dir] Simulation progress: 0% done (0/20001 steps || 0.0/2000.0 au)
INFO: [z-dir] Simulation progress: 0% done (0/20001 steps || 0.0/2000.0 au)
INFO: [y-dir] Simulation progress: 0% done (0/20001 steps || 0.0/2000.0 au)
INFO: [x-dir] Simulation progress: 10% done (2000/20001 steps || 200.0/2000.0 au)
INFO: [y-dir] Simulation progress: 10% done (2000/20001 steps || 200.0/2000.0 au)
INFO: [z-dir] Simulation progress: 10% done (2000/20001 steps || 200.0/2000.0 au)
INFO: [y-dir] Simulation progress: 20% done (4000/20001 steps || 400.0/2000.0 au)
INFO: [x-dir] Simulation progress: 20% done (4000/20001 steps || 400.0/2000.0 au)
INFO: [z-dir] Simulation progress: 20% done (4000/20001 steps || 400.0/2000.0 au)
INFO: [y-dir] Simulation progress: 30% done (6000/20001 steps || 600.0/2000.0 au)
INFO: [x-dir] Simulation progress: 30% done (6000/20001 steps || 600.0/2000.0 au)
INFO: [z-dir] Simulation progress: 30% done (6000/20001 steps || 600.0/2000.0 au)
INFO: [x-dir] Simulation progress: 40% done (8000/20001 steps || 800.0/2000.0 au)
INFO: [y-dir] Simulation progress: 40% done (8000/20001 steps || 800.0/2000.0 au)
INFO: [z-dir] Simulation progress: 40% done (8000/20001 steps || 800.0/2000.0 au)
INFO: [x-dir] Simulation progress: 50% done (10000/20001 steps || 1000.0/2000.0 au)
INFO: [y-dir] Simulation progress: 50% done (10000/20001 steps || 1000.0/2000.0 au)
INFO: [z-dir] Simulation progress: 50% done (10000/20001 steps || 1000.0/2000.0 au)
INFO: [x-dir] Simulation progress: 60% done (12000/20001 steps || 1200.0/2000.0 au)
INFO: [y-dir] Simulation progress: 60% done (12000/20001 steps || 1200.0/2000.0 au)
INFO: [z-dir] Simulation progress: 60% done (12000/20001 steps || 1200.0/2000.0 au)
INFO: [x-dir] Simulation progress: 70% done (14000/20001 steps || 1400.0/2000.0 au)
INFO: [y-dir] Simulation progress: 70% done (14000/20001 steps || 1400.0/2000.0 au)
INFO: [z-dir] Simulation progress: 70% done (14000/20001 steps || 1400.0/2000.0 au)
INFO: [x-dir] Simulation progress: 80% done (16000/20001 steps || 1600.0/2000.0 au)
INFO: [y-dir] Simulation progress: 80% done (16000/20001 steps || 1600.0/2000.0 au)
INFO: [z-dir] Simulation progress: 80% done (16000/20001 steps || 1600.0/2000.0 au)
INFO: [x-dir] Simulation progress: 90% done (18000/20001 steps || 1800.0/2000.0 au)
INFO: [y-dir] Simulation progress: 90% done (18000/20001 steps || 1800.0/2000.0 au)
INFO: [z-dir] Simulation progress: 90% done (18000/20001 steps || 1800.0/2000.0 au)
INFO: [x-dir] Matplotlib image written: x_dir/output.png
INFO: x-dir quantum run completed successfully
INFO: [y-dir] Matplotlib image written: y_dir/output.png
INFO: y-dir quantum run completed successfully
INFO: [z-dir] Matplotlib image written: z_dir/output.png
INFO: z-dir quantum run completed successfully
INFO: 
Elapsed run time = 40288.8119 s
INFO: 
Elapsed run time = 40288.7765 s
INFO: 
Elapsed run time = 40288.5987 s
INFO: Merged per-dir checkpoints for checkpoint.npz -> checkpoint.npz (hidden: .checkpoint.npz)
INFO: Merged per-dir checkpoints for final-checkpoint.npz -> final-checkpoint.npz (hidden: .final-checkpoint.npz)
INFO: 
Elapsed run time = 40294.7433 s
