INFO: Only 'plasmon' parameters given. Running MEEP simulation only.
INFO: Decay stop enabled; simulation will end when fields decay to 1e-06 of their peak (or at t_end).
INFO:  === NANOPARTICLE ABSORPTION SIMULATION CHOSEN === 
INFO: All parameters successfully parsed and validated.
INFO: The timestep for this simulation is 0.1 au (roughly 0.00242 fs).
INFO: The simulation will propagate until 5000 au (roughly 120.94422 fs).
INFO: ===== Starting NP Absorption Driver =====
INFO: [EMPTY] Starting EMPTY simulation...
INFO: [EMPTY] Initializing simulation with a resolution of 689 pixels/μm ==> 0.001451 μm/pixel
INFO: [EMPTY] Meep simulation started.
WARNING: [EMPTY] Warning: grid volume is not an integer number of pixels; cell size will be rounded to nearest pixel.
INFO: [EMPTY] Simulation progress: 0% done (0/50000 steps || 0.0/5000 au)
INFO: [EMPTY] Simulation progress: 10% done (5000/50000 steps || 500.0/5000 au)
INFO: [EMPTY] Simulation completed successfully due to field decay.
INFO: [SCATT] Starting SCATT simulation...
INFO: [SCATT] Nanoparticle geometry recreated
INFO: [SCATT] Initializing simulation with a resolution of 689 pixels/μm ==> 0.001451 μm/pixel
INFO: [SCATT] -----------
INFO: [SCATT] Initializing structure...
WARNING: [SCATT] Warning: grid volume is not an integer number of pixels; cell size will be rounded to nearest pixel.
INFO: [SCATT] Halving computational cell along direction y
INFO: [SCATT] Halving computational cell along direction z
INFO: [SCATT] time for choose_chunkdivision = 0.000133038 s
INFO: [SCATT] Working in 3D dimensions.
INFO: [SCATT] Computational cell is 0.20029 x 0.20029 x 0.20029 with resolution 689
INFO: [SCATT] sphere
INFO: [SCATT] , center = (0,0,0)
INFO: [SCATT]           radius 0.025
INFO: [SCATT]           dielectric constant epsilon diagonal = (1,1,1)
INFO: [ABS] Starting ABS simulation...
INFO: [ABS] Nanoparticle geometry recreated
INFO: [ABS] Initializing simulation with a resolution of 689 pixels/μm ==> 0.001451 μm/pixel
INFO: [ABS] Meep simulation started.
WARNING: [ABS] Warning: grid volume is not an integer number of pixels; cell size will be rounded to nearest pixel.
INFO: [SCATT] time for set_epsilon = 0.966736 s
INFO: [SCATT] lorentzian susceptibility: frequency=10.7433, gamma=1.78571
INFO: [SCATT] lorentzian susceptibility: frequency=3.47141, gamma=2.01155
INFO: [SCATT] lorentzian susceptibility: frequency=2.39466, gamma=0.701702
INFO: [SCATT] lorentzian susceptibility: frequency=0.66944, gamma=0.278261
INFO: [SCATT] lorentzian susceptibility: frequency=0.33472, gamma=0.19438
INFO: [SCATT] drude susceptibility: frequency=1e-10, gamma=0.0427474
INFO: [SCATT] -----------
INFO: [SCATT] Meep simulation started.
INFO: [SCATT] Simulation progress: 0% done (0/50000 steps || 0.0/5000 au)
INFO: [ABS] Simulation progress: 0% done (0/50000 steps || 0.0/5000 au)
INFO: [ABS] Simulation progress: 10% done (5000/50000 steps || 500.0/5000 au)
INFO: [SCATT] Simulation progress: 10% done (5000/50000 steps || 500.0/5000 au)
INFO: [ABS] Simulation completed successfully due to field decay.
INFO: ABS run completed
INFO: [SCATT] Simulation completed successfully due to field decay.
INFO: SCATT run completed
INFO: Arrays saved to output_arrays.txt
INFO: [EMPTY] Loading CSV: output_arrays.txt
INFO: [EMPTY] Fitting Absorption Cross-Section
INFO: [EMPTY] 
Detected 1 peak(s) at: [2.341] eV
INFO: [EMPTY] === ALL FITTED PEAKS ===
INFO: [EMPTY] Peak |   E (eV)   |  λ (nm)   |   γ (eV)   |   Amp    |   gamma_p_eV
INFO: [EMPTY] ----------------------------------------------------------------------
INFO: [EMPTY]    0 |   2.3710   |   522.9   |   0.2532   |   0.3476 |   0.2532
INFO: [EMPTY] ----------------------------------------------------------------------
INFO: Absorption cross section driver finished.
