INFO: Only 'plasmon' parameters given. Running MEEP simulation only.
INFO:  === NANOPARTICLE ABSORPTION CHOSEN CROSS-SECTION SIMULATION === 
INFO: All parameters successfully parsed and validated.
INFO: The timestep for this simulation is 0.07 au (roughly 0.00169 fs).
INFO: The simulation will propagate until 14500.01 au (roughly 350.73847 fs).
INFO: === Starting Cross-Section Driver ===
INFO: → Running EMPTY simulation (incident flux)...
INFO: [EMPTY] Starting EMPTY simulation...
INFO: [EMPTY] Initializing simulation with a resolution of 985 pixels/μm ==> 0.001015 μm/pixel
INFO: [EMPTY] Meep simulation started.
INFO: [EMPTY] Simulation progress: 0% done (0/207143 steps || 0.0/14500.01 au)
INFO: [EMPTY] Simulation progress: 10% done (20714/207143 steps || 1449.98/14500.01 au)
INFO: [EMPTY] Simulation progress: 20% done (41429/207143 steps || 2900.03/14500.01 au)
INFO: [EMPTY] Simulation progress: 30% done (62143/207143 steps || 4350.01/14500.01 au)
INFO: [EMPTY] Simulation progress: 40% done (82857/207143 steps || 5799.99/14500.01 au)
INFO: [EMPTY] Simulation progress: 50% done (103572/207143 steps || 7250.04/14500.01 au)
INFO: [EMPTY] Simulation progress: 60% done (124286/207143 steps || 8700.02/14500.01 au)
INFO: [EMPTY] Simulation progress: 70% done (145000/207143 steps || 10150.0/14500.01 au)
INFO: [EMPTY] Simulation progress: 80% done (165714/207143 steps || 11599.98/14500.01 au)
INFO: [EMPTY] Simulation progress: 90% done (186429/207143 steps || 13050.03/14500.01 au)
INFO: [EMPTY] Simulation progress: 100% done (207143/207143 steps || 14500.01/14500.01 au)
INFO: [EMPTY] Simulation completed successfully!
INFO: [EMPTY] Empty run finished
INFO: [SCATT] Starting SCATT simulation...
INFO: [SCATT] Nanoparticle geometry recreated
INFO: [SCATT] Initializing simulation with a resolution of 985 pixels/μm ==> 0.001015 μm/pixel
INFO: [SCATT] -----------
INFO: [SCATT] Initializing structure...
INFO: [SCATT] Padding y to even number of grid points.
INFO: [SCATT] Padding z to even number of grid points.
INFO: [SCATT] Halving computational cell along direction y
INFO: [SCATT] Halving computational cell along direction z
INFO: [SCATT] time for choose_chunkdivision = 0.000238895 s
INFO: [SCATT] Working in 3D dimensions.
INFO: [SCATT] Computational cell is 0.2 x 0.2 x 0.2 with resolution 985
INFO: [SCATT] sphere
INFO: [SCATT] , center = (0,0,0)
INFO: [SCATT]           radius 0.025
INFO: [SCATT]           dielectric constant epsilon diagonal = (6.1599,6.1599,6.1599)
INFO: [ABS] Starting ABS simulation...
INFO: [ABS] Nanoparticle geometry recreated
INFO: [ABS] Initializing simulation with a resolution of 985 pixels/μm ==> 0.001015 μm/pixel
INFO: [ABS] Meep simulation started.
INFO: [SCATT] time for set_epsilon = 2.41994 s
INFO: [SCATT] lorentzian susceptibility: frequency=2.47485, gamma=0.886257
INFO: [SCATT] drude susceptibility: frequency=7.15414, gamma=0.0382746
INFO: [SCATT] -----------
INFO: [SCATT] Meep simulation started.
WARNING: [SCATT] RuntimeWarning: Note: your sources include frequencies outside the range of validity of the material models. This is fine as long as you eventually only look at outputs (fluxes, resonant modes, etc.) at valid frequencies.
WARNING: [SCATT] RuntimeWarning: DFT frequency 1.2499999995 is out of material's range of 1.25-2.5
WARNING: [SCATT] RuntimeWarning: DFT frequency 3.3333333345 is out of material's range of 1.25-2.5
INFO: [SCATT] Simulation progress: 0% done (0/207143 steps || 0.0/14500.01 au)
WARNING: [ABS] RuntimeWarning: Note: your sources include frequencies outside the range of validity of the material models. This is fine as long as you eventually only look at outputs (fluxes, resonant modes, etc.) at valid frequencies.
WARNING: [ABS] RuntimeWarning: DFT frequency 1.2499999995 is out of material's range of 1.25-2.5
WARNING: [ABS] RuntimeWarning: DFT frequency 3.3333333345 is out of material's range of 1.25-2.5
INFO: [ABS] Simulation progress: 0% done (0/207143 steps || 0.0/14500.01 au)
INFO: [ABS] Simulation progress: 10% done (20714/207143 steps || 1449.98/14500.01 au)
INFO: [SCATT] Simulation progress: 10% done (20714/207143 steps || 1449.98/14500.01 au)
INFO: [ABS] Simulation progress: 20% done (41429/207143 steps || 2900.03/14500.01 au)
INFO: [SCATT] Simulation progress: 20% done (41429/207143 steps || 2900.03/14500.01 au)
INFO: [ABS] Simulation progress: 30% done (62143/207143 steps || 4350.01/14500.01 au)
INFO: [SCATT] Simulation progress: 30% done (62143/207143 steps || 4350.01/14500.01 au)
INFO: [ABS] Simulation progress: 40% done (82857/207143 steps || 5799.99/14500.01 au)
INFO: [SCATT] Simulation progress: 40% done (82857/207143 steps || 5799.99/14500.01 au)
INFO: [ABS] Simulation progress: 50% done (103572/207143 steps || 7250.04/14500.01 au)
INFO: [SCATT] Simulation progress: 50% done (103572/207143 steps || 7250.04/14500.01 au)
INFO: [ABS] Simulation progress: 60% done (124286/207143 steps || 8700.02/14500.01 au)
INFO: [SCATT] Simulation progress: 60% done (124286/207143 steps || 8700.02/14500.01 au)
INFO: [ABS] Simulation progress: 70% done (145000/207143 steps || 10150.0/14500.01 au)
INFO: [SCATT] Simulation progress: 70% done (145000/207143 steps || 10150.0/14500.01 au)
INFO: [ABS] Simulation progress: 80% done (165714/207143 steps || 11599.98/14500.01 au)
INFO: [SCATT] Simulation progress: 80% done (165714/207143 steps || 11599.98/14500.01 au)
INFO: [ABS] Simulation progress: 90% done (186429/207143 steps || 13050.03/14500.01 au)
INFO: [SCATT] Simulation progress: 90% done (186429/207143 steps || 13050.03/14500.01 au)
INFO: [ABS] Simulation progress: 100% done (207143/207143 steps || 14500.01/14500.01 au)
INFO: [ABS] Simulation completed successfully!
INFO: [ABS] Absorption simulation completed.
INFO: [ABS] Absorption run finished
INFO: ABS run completed
INFO: [SCATT] Simulation progress: 100% done (207143/207143 steps || 14500.01/14500.01 au)
INFO: [SCATT] Simulation completed successfully!
INFO: [SCATT] Scattering simulation completed.
INFO: [SCATT] Scattering run finished
INFO: SCATT run completed
INFO: Arrays saved to output_arrays.txt
INFO: Absorption cross section driver finished.
INFO: [EMPTY] Loading CSV: output_arrays.txt
INFO: [EMPTY] Fitting Absorption Cross-Section
INFO: [EMPTY] 
Detected 2 peak(s) at: [2.341 3.5  ] eV
INFO: [EMPTY] === ALL FITTED PEAKS ===
INFO: [EMPTY] Peak |   E (eV)   |  λ (nm)   |   γ (eV)   |   Amp    |   gamma_p_eV
INFO: [EMPTY] ----------------------------------------------------------------------
INFO: [EMPTY]    0 |   3.4434   |   360.1   |   1.1031   |   0.4597 |   1.1031
INFO: [EMPTY]    1 |   2.3837   |   520.1   |   0.3423   |   0.4804 |   0.3423
INFO: [EMPTY] ----------------------------------------------------------------------
